— batch done (6/580)
— batch done (12/580)
— batch done (18/580)
— batch done (24/580)
— batch done (30/580)
✓ Spruce grouse (Canachites canadensis (Linnaeus, 1758), taxonKey 2473502)
✓ Chukar (Alectoris chukar (J.E.Gray, 1830), taxonKey 2474029)
✓ Golden eagle (Aquila chrysaetos (Linnaeus, 1758), taxonKey 2480506)
✓ Bald eagle (Haliaeetus leucocephalus (Linnaeus, 1766), taxonKey 2480446)
✓ Mourning dove (Zenaida macroura (Linnaeus, 1758), taxonKey 2495347)
— batch done (36/580)
✓ Snowy owl (Bubo scandiacus (Linnaeus, 1758), taxonKey 5959143)
✓ Northern goshawk (Accipiter gentilis (Linnaeus, 1758), taxonKey 2480589)
✓ Great horned owl (Bubo virginianus (J.F.Gmelin, 1788), taxonKey 5959118)
✓ Peregrine falcon (Falco peregrinus Tunstall, 1771, taxonKey 2481047)
✓ Osprey (Pandion haliaetus (Linnaeus, 1758), taxonKey 2480726)
✓ Red-tailed hawk (Buteo jamaicensis (Gmelin, 1788), taxonKey 2480542)
— batch done (42/580)
✓ Lake trout (Salvelinus namaycush (Walbaum, 1792), taxonKey 2351327)
✓ Cutthroat trout (Oncorhynchus clarkii (Richardson, 1836), taxonKey 5711980)
✓ Chinook salmon (Oncorhynchus tshawytscha (Walbaum, 1792), taxonKey 5204024)
✓ Brook trout (Salvelinus fontinalis (Mitchill, 1814), taxonKey 2351271)
✓ Rainbow trout / steelhead (Oncorhynchus mykiss (Walbaum, 1792), taxonKey 5204019)
✓ Brown trout (Salmo trutta Linnaeus, 1758, taxonKey 8215487)
— batch done (48/580)
✓ Muskellunge (Esox masquinongy Mitchill, 1824, taxonKey 2346634)
✓ Walleye (Sander vitreus (Mitchill, 1818), taxonKey 2382172)
✓ Atlantic salmon (Salmo salar Linnaeus, 1758, taxonKey 7595433)
✓ Smallmouth bass (Micropterus dolomieu Lacepède, 1802, taxonKey 5211250)
✓ Largemouth bass (Micropterus salmoides (Lacepède, 1802), taxonKey 2394563)
✓ Northern pike (Esox lucius Linnaeus, 1758, taxonKey 2346633)
— batch done (54/580)
✓ Bonefish (Albula vulpes (Linnaeus, 1758), taxonKey 5204104)
✓ Tarpon (Megalops atlanticus Valenciennes, 1847, taxonKey 5203123)
✓ Snowshoe hare (Lepus americanus Erxleben, 1777, taxonKey 2436794)
✓ Eastern cottontail (Sylvilagus floridanus (J.A.Allen, 1890), taxonKey 2436886)
✓ Coyote (Canis latrans Say, 1823, taxonKey 5219153)
✓ Red fox (Vulpes vulpes (Linnaeus, 1758), taxonKey 5219243)
— batch done (60/580)
✓ Canada lynx (Lynx canadensis Kerr, 1792, taxonKey 2435263)
✓ American marten (Martes americana (Turton, 1806), taxonKey 5218864)
✓ Fisher (Pekania pennanti (Erxleben, 1777), taxonKey 8631083)
✓ River otter (Lontra canadensis (Schreber, 1777), taxonKey 2433727)
✓ Bobcat (Lynx rufus (Schreber, 1777), taxonKey 2435246)
✓ Beaver (Castor canadensis Kuhl, 1820, taxonKey 2439838)
— batch done (66/580)
✓ Gray whale (Eschrichtius robustus (Lilljeborg, 1861), taxonKey 2440704)
✓ Sea otter (Enhydra lutris (Linnaeus, 1758), taxonKey 2433670)
✓ Orca (Orcinus orca (Linnaeus, 1758), taxonKey 2440483)
✓ Wolverine (Gulo gulo (Linnaeus, 1758), taxonKey 5219073)
✓ Snapping turtle (Chelydra serpentina (Linnaeus, 1758), taxonKey 2441905)
✓ Humpback whale (Megaptera novaeangliae (Borowski, 1781), taxonKey 5220086)
— batch done (72/580)
✓ Whooping crane (Grus americana (Linnaeus, 1758), taxonKey 2474941)
✓ Wood frog (Lithobates sylvaticus (LeConte, 1825), taxonKey 2427072)
✓ Common loon (Gavia immer (Brunnich, 1764), taxonKey 2481962)
✓ American alligator (Alligator mississippiensis (Daudin, 1801), taxonKey 2441370)
✓ Timber rattlesnake (Crotalus horridus Linnaeus, 1758, taxonKey 2444468)
✓ Sandhill crane (Antigone canadensis (Linnaeus, 1758), taxonKey 9036008)
— batch done (78/580)
✓ Sun bear (Helarctos malayanus (Raffles, 1822), taxonKey 2433403)
✓ Polar bear (Ursus maritimus Phipps, 1774, taxonKey 2433451)
✓ Monarch butterfly (Danaus plexippus (Linnaeus, 1758), taxonKey 5133088)
✓ Pileated woodpecker (Dryocopus pileatus (Linnaeus, 1758), taxonKey 5228824)
✓ Ruby-throated hummingbird (Archilochus colubris (Linnaeus, 1758), taxonKey 5228514)
— batch done (84/580)
✓ Sloth bear (Melursus ursinus (Shaw, 1791), taxonKey 2433395)
✓ Spectacled bear (Tremarctos ornatus (F.G.Cuvier, 1825), taxonKey 2433401)
✓ Asiatic black bear (Ursus thibetanus G, taxonKey 9335699)
✓ Giant panda (Ailuropoda melanoleuca (David, 1869), taxonKey 2433399)
✓ Lion (Panthera leo (Linnaeus, 1758), taxonKey 5219404)
✓ Leopard (Panthera pardus (Linnaeus, 1758), taxonKey 5219436)
— batch done (90/580)
✓ African forest elephant (Loxodonta cyclotis (Matschie, 1900), taxonKey 2435349)
✓ Black rhinoceros (Diceros bicornis (Linnaeus, 1758), taxonKey 5220111)
✓ White rhinoceros (Ceratotherium simum (Burchell, 1817), taxonKey 2440880)
✓ Cheetah (Acinonyx jubatus (Schreber, 1775), taxonKey 2435270)
✓ Hippopotamus (Hippopotamus amphibius Linnaeus, 1758, taxonKey 2441247)
✓ African savanna elephant (Loxodonta africana (Blumenbach, 1797), taxonKey 2435350)
— batch done (96/580)
✓ Grevy's zebra (Equus grevyi Oustalet, 1882, taxonKey 2440894)
✓ Giraffe (Giraffa camelopardalis (Linnaeus, 1758), taxonKey 2441205)
✓ Blue wildebeest (Connochaetes taurinus (Burchell, 1823), taxonKey 2441105)
✓ Impala (Aepyceros melampus (Lichtenstein, 1812), taxonKey 2441144)
✓ Cape buffalo (Syncerus caffer (Sparrman, 1779), taxonKey 2441034)
✓ Plains zebra (Equus quagga Boddaert, 1785, taxonKey 2440892)
— batch done (102/580)
✓ Hartebeest (Alcelaphus buselaphus (Pallas, 1766), taxonKey 5220185)
✓ Sable antelope (Hippotragus niger (Harris, 1838), taxonKey 2441031)
✓ Gemsbok (Oryx gazella (Linnaeus, 1758), taxonKey 5220166)
✓ Common eland (Taurotragus oryx (Pallas, 1766), taxonKey 5220167)
✓ Springbok (Antidorcas marsupialis (Zimmermann, 1780), taxonKey 2441064)
✓ Greater kudu (Tragelaphus strepsiceros (Pallas, 1766), taxonKey 5220183)
— batch done (108/580)
✓ Thomson's gazelle (Eudorcas thomsonii (Günther, 1884), taxonKey 7261427)
✓ Caracal (Caracal caracal (Schreber, 1776), taxonKey 2435010)
✓ Serval (Leptailurus serval (Schreber, 1776), taxonKey 2435172)
✓ African wild dog (Lycaon pictus (Temminck, 1820), taxonKey 5219317)
✓ Warthog (Phacochoerus africanus (Gmelin, 1788), taxonKey 2441212)
✓ Spotted hyena (Crocuta crocuta (Erxleben, 1777), taxonKey 5218781)
— batch done (114/580)
✓ Bonobo (Pan paniscus Schwarz, 1929, taxonKey 5219533)
✓ Chimpanzee (Pan troglodytes (Blumenbach, 1775), taxonKey 5219534)
✓ Mandrill (Mandrillus sphinx (Linnaeus, 1758), taxonKey 5219556)
✓ Eastern gorilla (Gorilla beringei Matschie, 1903, taxonKey 7262070)
✓ Western gorilla (Gorilla gorilla (Savage, 1847), taxonKey 2436441)
✓ Chacma baboon (Papio ursinus (Kerr, 1792), taxonKey 7262029)
— batch done (120/580)
✓ Aye-aye (Daubentonia madagascariensis (Gmelin, 1788), taxonKey 5219587)
✓ Honey badger (Mellivora capensis (Schreber, 1776), taxonKey 2433695)
✓ Ring-tailed lemur (Lemur catta Linnaeus, 1758, taxonKey 2436412)
✓ Fossa (Cryptoprocta ferox Bennett, 1833, taxonKey 2433516)
✓ Meerkat (Suricata suricatta (Schreber, 1776), taxonKey 2434126)
✓ Okapi (Okapia johnstoni (P.L.Sclater, 1901), taxonKey 2441207)
— batch done (126/580)
✓ Black mamba (Dendroaspis polylepis Günther, 1864, taxonKey 8054654)
✓ Aardvark (Orycteropus afer (Pallas, 1766), taxonKey 5218416)
✓ Temminck's pangolin (Smutsia temminckii (Smuts, 1832), taxonKey 5786560)
✓ Nile crocodile (Crocodylus niloticus Laurenti, 1768, taxonKey 2441341)
✓ Secretary bird (Sagittarius serpentarius (J.F.Miller, 1779), taxonKey 5229409)
✓ Common ostrich (Struthio camelus Linnaeus, 1758, taxonKey 2495150)
— batch done (132/580)
✓ Tiger (Panthera tigris (Linnaeus, 1758), taxonKey 5219416)
✓ Shoebill (Balaeniceps rex Gould, 1850, taxonKey 2480347)
✓ Lesser flamingo (Phoeniconaias minor (É.Geoffroy Saint-Hilaire, 1798), taxonKey 2481104)
✓ Grey crowned crane (Balearica regulorum (E.T.Bennett, 1834), taxonKey 5228229)
✓ African fish eagle (Haliaeetus vocifer (Daudin, 1800), taxonKey 2480454)
✓ Greater flamingo (Phoenicopterus roseus Pallas, 1811, taxonKey 4352332)
— batch done (138/580)
✓ Red panda (Ailurus fulgens F.G.Cuvier, 1825, taxonKey 5219446)
✓ Indian rhinoceros (Rhinoceros unicornis Linnaeus, 1758, taxonKey 5220113)
✓ Bornean orangutan (Pongo pygmaeus (Linnaeus, 1760), taxonKey 5219532)
✓ Asian elephant (Elephas maximus Linnaeus, 1758, taxonKey 5219461)
✓ Clouded leopard (Neofelis nebulosa (Griffith, 1821), taxonKey 2435079)
✓ Snow leopard (Panthera uncia (Schreber, 1775), taxonKey 5787213)
— batch done (144/580)
✓ Binturong (Arctictis binturong (Raffles, 1821), taxonKey 2434615)
✓ Japanese macaque (Macaca fuscata (Blyth, 1875), taxonKey 2436608)
✓ Dhole (Cuon alpinus (Pallas, 1811), taxonKey 2434317)
✓ Proboscis monkey (Nasalis larvatus (van Wurmb, 1787), taxonKey 2436525)
✓ Sumatran orangutan (Pongo abelii Lesson, 1827, taxonKey 5707420)
✓ Lar gibbon (Hylobates lar (Linnaeus, 1771), taxonKey 5219553)
— batch done (150/580)
✓ Wild yak (Bos mutus (Przewalski, 1883), taxonKey 5787030)
✓ Markhor (Capra falconeri (Wagner, 1839), taxonKey 2441050)
✓ King cobra (Ophiophagus hannah (Cantor, 1836), taxonKey 2469850)
✓ Gaur (Bos gaurus C.H.Smith, 1827, taxonKey 2441026)
✓ Reticulated python (Malayopython reticulatus (Schneider, 1801), taxonKey 9260388)
✓ Komodo dragon (Varanus komodoensis Ouwens, 1912, taxonKey 2470854)
— batch done (156/580)
✓ Przewalski's horse (Equus przewalskii Poliakov, 1881, taxonKey 5787169)
✓ Bharal (blue sheep) (Pseudois nayaur (Hodgson, 1833), taxonKey 2441008)
✓ Argali (Ovis ammon (Linnaeus, 1758), taxonKey 2441122)
✓ Siberian ibex (Capra sibirica (Pallas, 1776), taxonKey 2441052)
✓ Saiga antelope (Saiga tatarica (Linnaeus, 1766), taxonKey 2441067)
✓ Himalayan tahr (Hemitragus jemlahicus (C.H.Smith, 1826), taxonKey 5220174)
— batch done (162/580)
✓ Red-crowned crane (Grus japonensis (Statius Muller, 1776), taxonKey 2474944)
✓ Himalayan monal (Lophophorus impejanus (Latham, 1790), taxonKey 5227747)
✓ Great hornbill (Buceros bicornis Linnaeus, 1758, taxonKey 2476012)
✓ Wild Bactrian camel (Camelus Linnaeus, 1758, taxonKey 2441236)
✓ Indian peafowl (Pavo cristatus Linnaeus, 1758, taxonKey 9451184)
✓ Red deer (Cervus elaphus Linnaeus, 1758, taxonKey 2440958)
— batch done (168/580)
✓ European bison (Bison bonasus (Linnaeus, 1758), taxonKey 2441184)
✓ Alpine ibex (Capra ibex Linnaeus, 1758, taxonKey 2441055)
✓ Chamois (Rupicapra rupicapra (Linnaeus, 1758), taxonKey 5220170)
✓ Fallow deer (Dama dama (Linnaeus, 1758), taxonKey 5220136)
✓ Wild boar (Sus scrofa Linnaeus, 1758, taxonKey 7705930)
✓ Roe deer (Capreolus capreolus (Linnaeus, 1758), taxonKey 5220126)
— batch done (174/580)
✓ Mouflon (Ovis gmelini Linnaeus, 1758, taxonKey 9542814)
✓ Iberian lynx (Lynx pardinus (Temminck, 1827), taxonKey 2435261)
✓ Eurasian lynx (Lynx lynx (Linnaeus, 1758), taxonKey 2435240)
✓ European badger (Meles meles (Linnaeus, 1758), taxonKey 2433875)
✓ European pine marten (Martes martes (Linnaeus, 1758), taxonKey 5218878)
✓ Red squirrel (Sciurus vulgaris Linnaeus, 1758, taxonKey 8211070)
— batch done (180/580)
✓ Rock ptarmigan (Lagopus muta (Montin, 1781), taxonKey 5227679)
✓ European hedgehog (Erinaceus europaeus Linnaeus, 1758, taxonKey 5219616)
✓ Black grouse (Lyrurus tetrix (Linnaeus, 1758), taxonKey 2473682)
✓ Western capercaillie (Tetrao urogallus Linnaeus, 1758, taxonKey 2473577)
✓ Grey partridge (Perdix perdix (Linnaeus, 1758), taxonKey 2473958)
✓ Brown hare (Lepus europaeus Pallas, 1778, taxonKey 7952072)
— batch done (186/580)
✓ Bearded vulture (Gypaetus barbatus (Linnaeus, 1758), taxonKey 2480649)
✓ Griffon vulture (Gyps fulvus (Hablizl, 1783), taxonKey 2480389)
✓ Eurasian eagle-owl (Bubo bubo (Linnaeus, 1758), taxonKey 5959092)
✓ White stork (Ciconia ciconia (Linnaeus, 1758), taxonKey 2481912)
✓ Common crane (Grus grus (Linnaeus, 1758), taxonKey 2474950)
✓ White-tailed eagle (Haliaeetus albicilla (Linnaeus, 1758), taxonKey 2480449)
— batch done (192/580)
✓ Maned wolf (Chrysocyon brachyurus (Illiger, 1815), taxonKey 2434450)
✓ Lowland tapir (Tapirus terrestris (Linnaeus, 1758), taxonKey 2440898)
✓ Ocelot (Leopardus pardalis (Linnaeus, 1758), taxonKey 2434982)
✓ Giant anteater (Myrmecophaga tridactyla Linnaeus, 1758, taxonKey 2436346)
✓ Jaguar (Panthera onca (Linnaeus, 1758), taxonKey 5219426)
✓ Capybara (Hydrochoerus hydrochaeris (Linnaeus, 1766), taxonKey 5786666)
— batch done (198/580)
✓ Baird's tapir (Tapirus bairdii (Gill, 1865), taxonKey 2440897)
✓ Vicuña (Vicugna vicugna (Molina, 1782), taxonKey 5220192)
✓ Giant armadillo (Priodontes maximus (Kerr, 1792), taxonKey 5220096)
✓ Giant otter (Pteronura brasiliensis Zimmermann, 1780, taxonKey 2433681)
✓ Brown-throated sloth (Bradypus variegatus Schinz, 1825, taxonKey 2436353)
✓ Guanaco (Lama guanicoe (Müller, 1776), taxonKey 5220188)
— batch done (204/580)
✓ Black howler monkey (Alouatta caraya (Humboldt, 1812), taxonKey 2436652)
✓ Harpy eagle (Harpia harpyja (Linnaeus, 1758), taxonKey 2480516)
✓ Geoffroy's spider monkey (Ateles geoffroyi Kuhl, 1820, taxonKey 2436643)
✓ Golden lion tamarin (Leontopithecus rosalia (Linnaeus, 1766), taxonKey 2436482)
✓ Andean condor (Vultur gryphus Linnaeus, 1758, taxonKey 2481907)
✓ Toco toucan (Ramphastos toco P.L.S.Müller, 1776, taxonKey 2478765)
— batch done (210/580)
✓ Green anaconda (Eunectes murinus (Linnaeus, 1758), taxonKey 5225712)
✓ Resplendent quetzal (Pharomachrus mocinno La Llave, 1832, taxonKey 2496723)
✓ Hyacinth macaw (Anodorhynchus hyacinthinus (Latham, 1790), taxonKey 2479359)
✓ Hoatzin (Opisthocomus hoazin (Statius Muller, 1776), taxonKey 2496202)
✓ Scarlet macaw (Ara macao (Linnaeus, 1758), taxonKey 5959227)
✓ Greater rhea (Rhea americana (Linnaeus, 1758), taxonKey 2495165)
— batch done (216/580)
✓ Golden dorado (Salminus brasiliensis (Cuvier, 1816), taxonKey 2354769)
✓ Arapaima (Arapaima gigas (Schinz, 1822), taxonKey 5212877)
✓ Peacock bass (Cichla ocellaris Bloch & Schneider, 1801, taxonKey 5208153)
✓ Black caiman (Melanosuchus niger (Spix, 1825), taxonKey 2441409)
✓ Dyeing poison frog (Dendrobates tinctorius (Cuvier, 1797), taxonKey 9724339)
✓ Red-bellied piranha (Pygocentrus nattereri Kner, 1858, taxonKey 2352479)
— batch done (222/580)
✓ Amazon river dolphin (Inia geoffrensis (Blainville, 1817), taxonKey 2440314)
✓ Tasmanian devil (Sarcophilus harrisii (Boitard, 1841), taxonKey 2435451)
✓ Red kangaroo (Osphranter rufus (Desmarest, 1822), taxonKey 12019022)
✓ Common wombat (Vombatus ursinus (Shaw, 1800), taxonKey 2440301)
✓ Koala (Phascolarctos cinereus (Goldfuss, 1817), taxonKey 2440012)
✓ Eastern grey kangaroo (Macropus giganteus Shaw, 1790, taxonKey 5219981)
— batch done (228/580)
✓ Numbat (Myrmecobius fasciatus Waterhouse, 1836, taxonKey 5219465)
✓ Quokka (Setonix brachyurus (Quoy & Gaimard, 1830), taxonKey 2440110)
✓ Sugar glider (Petaurus breviceps Waterhouse, 1838, taxonKey 2440043)
✓ Platypus (Ornithorhynchus anatinus (Shaw, 1799), taxonKey 2433376)
✓ Short-beaked echidna (Tachyglossus aculeatus (Shaw, 1792), taxonKey 2433378)
✓ Emu (Dromaius novaehollandiae (Latham, 1790), taxonKey 2495134)
— batch done (234/580)
✓ Kakapo (Strigops habroptila G.R.Gray, 1845, taxonKey 2479236)
✓ North Island brown kiwi (Apteryx mantelli Bartlett, 1852, taxonKey 2495144)
✓ Tuatara (Sphenodon punctatus (Gray, 1842), taxonKey 5227650)
✓ Kea (Nestor notabilis Gould, 1856, taxonKey 2479593)
✓ Southern cassowary (Casuarius casuarius (Linnaeus, 1758), taxonKey 5231783)
✓ Laughing kookaburra (Dacelo novaeguineae (Hermann, 1783), taxonKey 2475648)
— batch done (240/580)
✓ Arctic hare (Lepus arcticus Ross, 1819, taxonKey 2436696)
✓ Arctic fox (Vulpes lagopus (Linnaeus, 1758), taxonKey 5219303)
✓ Frilled lizard (Chlamydosaurus kingii Gray, 1825, taxonKey 2466087)
✓ Barramundi (Lates calcarifer (Bloch, 1790), taxonKey 2393172)
✓ Muskox (Ovibos moschatus (Zimmermann, 1780), taxonKey 2441108)
✓ Saltwater crocodile (Crocodylus porosus Schneider, 1801, taxonKey 2441333)
— batch done (246/580)
✓ Narwhal (Monodon monoceros Linnaeus, 1758, taxonKey 5220008)
✓ Harp seal (Pagophilus groenlandicus (Erxleben, 1777), taxonKey 2434801)
✓ Leopard seal (Hydrurga leptonyx (de Blainville, 1820), taxonKey 2434790)
✓ Bowhead whale (Balaena mysticetus Linnaeus, 1758, taxonKey 2440330)
✓ Beluga (Delphinapterus leucas (Pallas, 1776), taxonKey 5220003)
✓ Walrus (Odobenus rosmarus (Linnaeus, 1758), taxonKey 5218819)
— batch done (252/580)
✓ Blue whale (Balaenoptera musculus (Linnaeus, 1758), taxonKey 2440735)
✓ Fin whale (Balaenoptera physalus (Linnaeus, 1758), taxonKey 2440718)
✓ Willow ptarmigan (Lagopus lagopus (Linnaeus, 1758), taxonKey 2473421)
✓ Adélie penguin (Pygoscelis adeliae (Hombron & Jacquinot, 1841), taxonKey 2481663)
✓ King penguin (Aptenodytes patagonicus J.F.Miller, 1778, taxonKey 2481660)
✓ Emperor penguin (Aptenodytes forsteri G.R.Gray, 1844, taxonKey 2481661)
— batch done (258/580)
✓ Great hammerhead (Sphyrna mokarran (Rüppell, 1837), taxonKey 2418792)
✓ Tiger shark (Galeocerdo cuvier (Péron & Lesueur, 1822), taxonKey 2418234)
✓ Great white shark (Carcharodon carcharias (Linnaeus, 1758), taxonKey 2420694)
✓ North Atlantic right whale (Eubalaena glacialis (Müller, 1776), taxonKey 2440339)
✓ Whale shark (Rhincodon typus Smith, 1828, taxonKey 2417522)
✓ Sperm whale (Physeter macrocephalus Linnaeus, 1758, taxonKey 8123917)
— batch done (264/580)
✓ Blue marlin (Makaira nigricans Lacepède, 1802, taxonKey 8098719)
✓ Giant manta ray (Mobula birostris (Walbaum, 1792), taxonKey 9548142)
✓ Sailfish (Istiophorus platypterus (Shaw, 1792), taxonKey 5211984)
✓ Shortfin mako (Isurus oxyrinchus Rafinesque, 1810, taxonKey 5216248)
✓ Atlantic bluefin tuna (Thunnus thynnus (Linnaeus, 1758), taxonKey 2373980)
✓ Swordfish (Xiphias gladius Linnaeus, 1758, taxonKey 2397850)
— batch done (270/580)
✓ Ocean sunfish (Mola mola (Linnaeus, 1758), taxonKey 5213725)
✓ Green sea turtle (Chelonia mydas (Linnaeus, 1758), taxonKey 2442225)
✓ Leatherback sea turtle (Dermochelys coriacea (Vandelli, 1761), taxonKey 9789983)
✓ Mahi-mahi (Coryphaena hippurus Linnaeus, 1758, taxonKey 2381939)
✓ Arctic tern (Sterna paradisaea Pontoppidan, 1763, taxonKey 5229230)
✓ Loggerhead sea turtle (Caretta caretta (Linnaeus, 1758), taxonKey 8894817)
— batch done (276/580)
✓ Sooty shearwater (Ardenna grisea (J.F.Gmelin, 1789), taxonKey 8249990)
✓ Amur falcon (Falco amurensis Radde, 1863, taxonKey 2480998)
✓ Red knot (Calidris canutus (Linnaeus, 1758), taxonKey 2481765)
✓ Bar-tailed godwit (Limosa lapponica (Linnaeus, 1758), taxonKey 2481681)
✓ Swainson's hawk (Buteo swainsoni Bonaparte, 1838, taxonKey 2480562)
✓ Common swift (Apus apus (Linnaeus, 1758), taxonKey 5228676)
— batch done (282/580)
✓ Wandering albatross (Diomedea exulans Linnaeus, 1758, taxonKey 5229302)
— batch done (288/580)
✓ Eastern Bluebird (Sialia sialis (Linnaeus, 1758), taxonKey 2490941)
✓ Black-capped Chickadee (Poecile atricapillus (Linnaeus, 1766), taxonKey 2487805)
✓ Northern Cardinal (Cardinalis cardinalis (Linnaeus, 1758), taxonKey 2490384)
✓ Blue Jay (Cyanocitta cristata (Linnaeus, 1758), taxonKey 2482593)
✓ American Robin (Turdus migratorius Linnaeus, 1766, taxonKey 9510564)
— batch done (294/580)
✓ Scarlet Tanager (Piranga olivacea (J.F.Gmelin, 1789), taxonKey 2488517)
✓ Baltimore Oriole (Icterus galbula (Linnaeus, 1758), taxonKey 2484340)
✓ Northern Mockingbird (Mimus polyglottos (Linnaeus, 1758), taxonKey 5231677)
✓ Cedar Waxwing (Bombycilla cedrorum Vieillot, 1808, taxonKey 2484609)
✓ American Goldfinch (Spinus tristis (Linnaeus, 1758), taxonKey 5231640)
✓ Red-winged Blackbird (Agelaius phoeniceus (Linnaeus, 1766), taxonKey 9409198)
— batch done (300/580)
✓ Black-billed Magpie (Pica hudsonia (Sabine, 1823), taxonKey 5229487)
✓ Common Nightingale (Luscinia megarhynchos C.L.Brehm, 1831, taxonKey 7660710)
✓ European Robin (Erithacus rubecula (Linnaeus, 1758), taxonKey 2492462)
✓ Eurasian Blue Tit (Cyanistes caeruleus (Linnaeus, 1758), taxonKey 2487879)
✓ Great Tit (Parus major Linnaeus, 1758, taxonKey 9705453)
✓ Common Raven (Corvus corax Linnaeus, 1758, taxonKey 2482492)
— batch done (306/580)
✓ Eurasian Wren (Troglodytes troglodytes (Linnaeus, 1758), taxonKey 5231438)
✓ Eurasian Blackbird (Turdus merula Linnaeus, 1758, taxonKey 2490719)
✓ European Goldfinch (Carduelis carduelis (Linnaeus, 1758), taxonKey 2494686)
✓ Eurasian Hoopoe (Upupa epops Linnaeus, 1758, taxonKey 2498415)
✓ Common Chaffinch (Fringilla coelebs Linnaeus, 1758, taxonKey 2494422)
✓ Eurasian Magpie (Pica pica (Linnaeus, 1758), taxonKey 5229490)
— batch done (312/580)
✓ Superb Fairywren (Malurus cyaneus (Ellis, 1782), taxonKey 2487516)
✓ Blue-gray Tanager (Thraupis episcopus (Linnaeus, 1766), taxonKey 2488602)
✓ Superb Lyrebird (Menura novaehollandiae Latham, 1802, taxonKey 2488980)
✓ Oriental Magpie-Robin (Copsychus saularis (Linnaeus, 1758), taxonKey 2492680)
✓ Barn Owl (Tyto alba (Scopoli, 1769), taxonKey 2497921)
✓ Australian Magpie (Gymnorhina tibicen (Latham, 1802), taxonKey 2489450)
— batch done (318/580)
✓ Boreal Owl (Aegolius funereus (Linnaeus, 1758), taxonKey 5739298)
✓ Great Grey Owl (Strix nebulosa J.R.Forster, 1772, taxonKey 2497522)
✓ Northern Saw-whet Owl (Aegolius acadicus (J.F.Gmelin, 1788), taxonKey 5232207)
✓ Barred Owl (Strix varia Barton, 1799, taxonKey 2497541)
✓ Burrowing Owl (Athene cunicularia (Molina, 1782), taxonKey 2497240)
✓ Tawny Owl (Strix aluco Linnaeus, 1758, taxonKey 9282206)
— batch done (324/580)
✓ Blakiston's Fish Owl (Bubo blakistoni Seebohm, 1884, taxonKey 5959145)
✓ Gyrfalcon (Falco rusticolus Linnaeus, 1758, taxonKey 8069880)
✓ Cooper's Hawk (Accipiter cooperii (Bonaparte, 1828), taxonKey 2480621)
✓ Eastern Screech-Owl (Megascops asio (Linnaeus, 1758), taxonKey 2497415)
✓ Merlin (Falco columbarius Linnaeus, 1758, taxonKey 9813242)
✓ American Kestrel (Falco sparverius Linnaeus, 1758, taxonKey 9685907)
— batch done (330/580)
✓ Martial Eagle (Polemaetus bellicosus (Daudin, 1800), taxonKey 2480426)
✓ Steller's Sea Eagle (Haliaeetus pelagicus (Pallas, 1811), taxonKey 2480445)
✓ Rough-legged Hawk (Buteo lagopus (Pontoppidan, 1763), taxonKey 2480524)
✓ Ferruginous Hawk (Buteo regalis (G.R.Gray, 1844), taxonKey 2480566)
✓ Sharp-shinned Hawk (Accipiter striatus Vieillot, 1808, taxonKey 9740253)
✓ Northern Harrier (Circus hudsonius (Linnaeus, 1766), taxonKey 6101217)
— batch done (336/580)
✓ Philippine Eagle (Pithecophaga jefferyi Ogilvie-Grant, 1896, taxonKey 2480381)
✓ California Condor (Gymnogyps californianus (Shaw, 1797), taxonKey 2481920)
✓ Crowned Eagle (Stephanoaetus coronatus (Linnaeus, 1766), taxonKey 2480391)
✓ Great Blue Heron (Ardea herodias Linnaeus, 1758, taxonKey 9630752)
✓ Turkey Vulture (Cathartes aura (Linnaeus, 1758), taxonKey 2481930)
✓ Black Kite (Milvus migrans (Boddaert, 1783), taxonKey 5229167)
— batch done (342/580)
✓ Brown Pelican (Pelecanus occidentalis Linnaeus, 1766, taxonKey 5229158)
✓ Anhinga (Anhinga anhinga (Linnaeus, 1766), taxonKey 2482082)
✓ Snowy Egret (Egretta thula (Molina, 1782), taxonKey 2480873)
✓ American White Pelican (Pelecanus erythrorhynchos Gmelin, 1789, taxonKey 5229155)
✓ Double-crested Cormorant (Nannopterum auritum (R.P.Lesson, 1831), taxonKey 9275717)
✓ Great Egret (Ardea alba Linnaeus, 1758, taxonKey 9752617)
— batch done (348/580)
✓ Black Skimmer (Rynchops niger Linnaeus, 1758, taxonKey 2481209)
✓ Roseate Spoonbill (Platalea ajaja Linnaeus, 1758, taxonKey 2480803)
✓ Wood Stork (Mycteria americana Linnaeus, 1758, taxonKey 2481937)
✓ Atlantic Puffin (Fratercula arctica (Linnaeus, 1758), taxonKey 2481353)
✓ Common Murre (Uria aalge (Pontoppidan, 1763), taxonKey 2481342)
✓ Northern Gannet (Morus bassanus (Linnaeus, 1758), taxonKey 2480964)
— batch done (354/580)
✓ American Oystercatcher (Haematopus palliatus Temminck, 1820, taxonKey 2480273)
✓ Piping Plover (Charadrius melodus Ord, 1824, taxonKey 2480283)
✓ Long-billed Curlew (Numenius americanus Bechstein, 1812, taxonKey 2481794)
✓ American Avocet (Recurvirostra americana J.F.Gmelin, 1789, taxonKey 2480258)
✓ Whimbrel (Numenius phaeopus (Linnaeus, 1758), taxonKey 2481784)
✓ Killdeer (Charadrius vociferus Linnaeus, 1758, taxonKey 2480320)
— batch done (360/580)
✓ Blue-footed Booby (Sula nebouxii Milne-Edwards, 1882, taxonKey 2480978)
✓ Harlequin Duck (Histrionicus histrionicus (Linnaeus, 1758), taxonKey 2498224)
✓ King Eider (Somateria spectabilis (Linnaeus, 1758), taxonKey 2498350)
✓ Magnificent Frigatebird (Fregata magnificens Mathews, 1914, taxonKey 2480189)
✓ Laughing Gull (Leucophaeus atricilla (Linnaeus, 1758), taxonKey 6065844)
✓ Common Tern (Sterna hirundo Linnaeus, 1758, taxonKey 9367409)
— batch done (366/580)
✓ Eastern Diamondback Rattlesnake (Crotalus adamanteus Palisot De Beauvois, 1799, taxonKey 2444432)
✓ Prairie Rattlesnake (Crotalus viridis Rafinesque, 1818, taxonKey 8945077)
✓ Cottonmouth (Agkistrodon piscivorus (Lacépède, 1789), taxonKey 9105722)
✓ Eastern Copperhead (Agkistrodon contortrix (Linnaeus, 1766), taxonKey 9215881)
✓ Western Diamondback Rattlesnake (Crotalus atrox Baird & Girard, 1853, taxonKey 2444356)
✓ Common Goldeneye (Bucephala clangula (Linnaeus, 1758), taxonKey 2498326)
— batch done (372/580)
✓ Eastern Indigo Snake (Drymarchon couperi (Holbrook, 1842), taxonKey 2452317)
✓ Gaboon Viper (Bitis gabonica Duméril, Bibron & Duméril, 1854, taxonKey 9102011)
✓ Ball Python (Python regius (Shaw, 1802), taxonKey 2465380)
✓ Boa Constrictor (Boa constrictor Linnaeus, 1758, taxonKey 2464899)
✓ Corn Snake (Pantherophis guttatus (Linnaeus, 1766), taxonKey 2455615)
✓ Common Garter Snake (Thamnophis sirtalis (Linnaeus, 1758), taxonKey 2457522)
— batch done (378/580)
✓ Inland Taipan (Oxyuranus microlepidotus (Mccoy, 1879), taxonKey 2449963)
✓ Gila Monster (Heloderma suspectum Cope, 1869, taxonKey 2460817)
✓ Eastern Green Mamba (Dendroaspis angusticeps (Smith, 1849), taxonKey 2469870)
✓ Eastern Brown Snake (Pseudonaja textilis (Duméril, Bibron & Duméril, 1854), taxonKey 8615718)
✓ Puff Adder (Bitis arietans Merrem, 1820, taxonKey 8901465)
✓ Green Iguana (Iguana iguana (Linnaeus, 1758), taxonKey 2459658)
— batch done (384/580)
✓ Leopard Gecko (Eublepharis macularius (Blyth, 1854), taxonKey 5221283)
✓ Perentie (Varanus giganteus (Gray, 1845), taxonKey 2470739)
✓ Panther Chameleon (Furcifer pardalis (Cuvier, 1829), taxonKey 5221988)
✓ Marine Iguana (Amblyrhynchus cristatus Bell, 1825, taxonKey 5224602)
✓ Veiled Chameleon (Chamaeleo calyptratus Duméril & Duméril, 1851, taxonKey 2449133)
✓ Central Bearded Dragon (Pogona vitticeps (Ahl, 1926), taxonKey 2465641)
— batch done (390/580)
✓ Red-eyed Tree Frog (Agalychnis callidryas (Cope, 1862), taxonKey 2428197)
✓ Golden Poison Frog (Phyllobates terribilis Myers, Daly & Malkin, 1978, taxonKey 5218020)
✓ Nile Monitor (Varanus niloticus (Linnaeus, 1766), taxonKey 2470656)
✓ Cane Toad (Rhinella marina (Linnaeus, 1758), taxonKey 5216933)
✓ Spring Peeper (Pseudacris crucifer (Wied-Neuwied, 1838), taxonKey 2428182)
✓ American Bullfrog (Lithobates catesbeianus (Shaw, 1802), taxonKey 2427091)
— batch done (396/580)
✓ Axolotl (Ambystoma mexicanum (Shaw & Nodder, 1798), taxonKey 2431950)
✓ Hellbender (Cryptobranchus alleganiensis (Sonnini de Manoncourt & Latreille, 1801), taxonKey 2432031)
✓ Eastern Tiger Salamander (Ambystoma tigrinum (Green, 1825), taxonKey 2431993)
✓ White's Tree Frog (Litoria caerulea (White, 1790), taxonKey 2427694)
✓ American Toad (Anaxyrus americanus (Holbrook, 1836), taxonKey 2422872)
✓ Common Frog (Rana temporaria Linnaeus, 1758, taxonKey 2426805)
— batch done (402/580)
✓ Alligator Snapping Turtle (Macrochelys temminckii Troost, 1835, taxonKey 5220318)
✓ Spotted Salamander (Ambystoma maculatum (Shaw, 1802), taxonKey 2431951)
✓ Red-spotted Newt (Notophthalmus viridescens (Rafinesque, 1820), taxonKey 5218390)
✓ Eastern Box Turtle (Terrapene carolina (Linnaeus, 1758), taxonKey 2443173)
✓ Painted Turtle (Chrysemys picta (Schneider, 1783), taxonKey 2443133)
✓ Fire Salamander (Salamandra salamandra (Linnaeus, 1758), taxonKey 2431776)
— batch done (408/580)
✓ Bull Shark (Carcharhinus leucas (Müller & Henle, 1839), taxonKey 2418036)
✓ Diamondback Terrapin (Malaclemys terrapin (Schoepff, 1793), taxonKey 2443212)
✓ Gopher Tortoise (Gopherus polyphemus (Daudin, 1801), taxonKey 2441812)
✓ Blanding's Turtle (Emydoidea blandingii (Holbrook, 1838), taxonKey 2442885)
✓ Leopard Tortoise (Stigmochelys pardalis (Bell, 1828), taxonKey 2441757)
✓ Galapagos Giant Tortoise (Chelonoidis niger (Quoy & Gaimard, 1824), taxonKey 9527499)
— batch done (414/580)
✓ Nurse Shark (Ginglymostoma cirratum (Bonnaterre, 1788), taxonKey 2417495)
✓ Lemon Shark (Negaprion brevirostris (Poey, 1868), taxonKey 2417919)
✓ Common Thresher Shark (Alopias vulpinus (Bonnaterre, 1788), taxonKey 2420797)
✓ Oceanic Whitetip Shark (Carcharhinus longimanus (Poey, 1861), taxonKey 2418052)
✓ Blacktip Shark (Carcharhinus limbatus (Müller & Henle, 1839), taxonKey 2417970)
✓ Blue Shark (Prionace glauca (Linnaeus, 1758), taxonKey 2417940)
— batch done (420/580)
✓ Smalltooth Sawfish (Pristis pectinata Latham, 1794, taxonKey 5216292)
✓ Southern Stingray (Hypanus americanus (Hildebrand & Schroeder, 1928), taxonKey 9335213)
✓ Red Snapper (Lutjanus campechanus (Poey, 1860), taxonKey 2384865)
✓ Atlantic Goliath Grouper (Epinephelus itajara (Lichtenstein, 1822), taxonKey 2388456)
✓ Spiny Dogfish (Squalus acanthias Linnaeus, 1758, taxonKey 5216368)
✓ Spotted Eagle Ray (Aetobatus narinari (Euphrasen, 1790), taxonKey 2419231)
— batch done (426/580)
✓ Roosterfish (Nematistius pectoralis Gill, 1862, taxonKey 2369683)
✓ Bluefish (Pomatomus saltatrix (Linnaeus, 1766), taxonKey 5208090)
✓ Spotted Seatrout (Cynoscion nebulosus (Cuvier, 1830), taxonKey 2400015)
✓ Red Drum (Sciaenops ocellatus (Linnaeus, 1766), taxonKey 2400222)
✓ Striped Bass (Morone saxatilis (Walbaum, 1792), taxonKey 2394612)
✓ Permit (Trachinotus falcatus (Linnaeus, 1758), taxonKey 9819074)
— batch done (432/580)
✓ Giant Trevally (Caranx ignobilis (Forsskål, 1775), taxonKey 2390805)
✓ Pacific Halibut (Hippoglossus stenolepis Schmidt, 1904, taxonKey 2409216)
✓ Wahoo (Acanthocybium solandri (Cuvier, 1832), taxonKey 2374069)
✓ Albacore (Thunnus alalunga (Bonnaterre, 1788), taxonKey 9694948)
✓ Yellowfin Tuna (Thunnus albacares (Bonnaterre, 1788), taxonKey 2374013)
✓ Atlantic Cod (Gadus morhua Linnaeus, 1758, taxonKey 8084280)
— batch done (438/580)
✓ Arctic Grayling (Thymallus arcticus (Pallas, 1776), taxonKey 5711974)
✓ Dolly Varden (Salvelinus malma (Walbaum, 1792), taxonKey 4284020)
✓ False Albacore (Euthynnus alletteratus (Rafinesque, 1810), taxonKey 5208565)
✓ Bull Trout (Salvelinus confluentus (Suckley, 1859), taxonKey 2351244)
✓ Golden Trout (Oncorhynchus aguabonita (Jordan, 1892), taxonKey 5204029)
✓ Coho Salmon (Oncorhynchus kisutch (Walbaum, 1792), taxonKey 5204034)
— batch done (444/580)
✓ Siberian Taimen (Hucho taimen (Pallas, 1773), taxonKey 2351408)
✓ Huchen (Hucho hucho (Linnaeus, 1758), taxonKey 2351413)
✓ African Tigerfish (Hydrocynus vittatus Castelnau, 1861, taxonKey 2356183)
✓ Pink Salmon (Oncorhynchus gorbuscha (Walbaum, 1792), taxonKey 5204037)
✓ Sockeye Salmon (Oncorhynchus nerka (Walbaum, 1792), taxonKey 5204039)
✓ Chum Salmon (Oncorhynchus keta (Walbaum, 1792), taxonKey 5204014)
— batch done (450/580)
✓ Golden Mahseer (Tor putitora (Hamilton, 1822), taxonKey 2364530)
✓ Nile Perch (Lates niloticus (Linnaeus, 1758), taxonKey 2393184)
✓ Blue Catfish (Ictalurus furcatus (Valenciennes, 1840), taxonKey 5202525)
✓ Flathead Catfish (Pylodictis olivaris (Rafinesque, 1818), taxonKey 2341077)
✓ Wels Catfish (Silurus glanis Linnaeus, 1758, taxonKey 2337607)
✓ Channel Catfish (Ictalurus punctatus (Rafinesque, 1818), taxonKey 5202520)
— batch done (456/580)
✓ White Sturgeon (Acipenser transmontanus Richardson, 1836, taxonKey 2402122)
✓ Lake Sturgeon (Acipenser fulvescens Rafinesque, 1817, taxonKey 2402120)
✓ Alligator Gar (Atractosteus spatula (Lacepède, 1803), taxonKey 2346754)
✓ Longnose Gar (Lepisosteus osseus (Linnaeus, 1758), taxonKey 2346701)
✓ Black Crappie (Pomoxis nigromaculatus (Lesueur, 1829), taxonKey 2394526)
✓ Bluegill (Lepomis macrochirus Rafinesque, 1819, taxonKey 2394503)
— batch done (462/580)
✓ Rusty Patched Bumble Bee (Bombus affinis Cresson, 1863, taxonKey 1340481)
✓ Bowfin (Amia calva Linnaeus, 1766, taxonKey 5207891)
✓ Yellow Perch (Perca flavescens (Mitchill, 1814), taxonKey 2382004)
✓ Common Eastern Bumble Bee (Bombus impatiens Cresson, 1863, taxonKey 1340350)
✓ Common Carp (Cyprinus carpio Linnaeus, 1758, taxonKey 4286975)
✓ Western Honey Bee (Apis mellifera Linnaeus, 1758, taxonKey 1341976)
— batch done (468/580)
✓ Blue Morpho (Morpho peleides Kollar, 1850, taxonKey 5133433)
✓ Atlas Moth (Attacus atlas (Linnaeus, 1758), taxonKey 5124716)
✓ Cecropia Moth (Hyalophora cecropia Linnaeus, 1758, taxonKey 1865839)
✓ Luna Moth (Actias luna Linnaeus, 1758, taxonKey 1865668)
✓ Eastern Tiger Swallowtail (Papilio glaucus Linnaeus, 1758, taxonKey 1938016)
✓ Hummingbird Hawk-Moth (Macroglossum stellatarum Linnaeus, 1758, taxonKey 1864652)
— batch done (474/580)
✓ Periodical Cicada (Magicicada septendecim (Linnaeus, 1758), taxonKey 5792026)
✓ Common Eastern Firefly (Photinus pyralis (Linnaeus, 1767), taxonKey 1162763)
✓ Twelve-spotted Skimmer (Libellula pulchella Drury, 1773, taxonKey 1427889)
✓ Common Green Darner (Anax junius (Drury, 1773), taxonKey 5051741)
✓ Ebony Jewelwing (Calopteryx maculata (Palisot de Beauvois, 1807), taxonKey 5052005)
✓ Seven-spotted Lady Beetle (Coccinella septempunctata Linnaeus, 1758, taxonKey 4990191)
— batch done (480/580)
✓ Tarantula Hawk Wasp (Pepsis grossa Smith, 1855, taxonKey 6128918)
✓ Goliath Beetle (Goliathus goliatus (Linnaeus, 1771), taxonKey 1076779)
✓ Hercules Beetle (Dynastes hercules (Linnaeus, 1758), taxonKey 1074504)
✓ Giant Water Bug (Lethocerus americanus (Leidy, 1847), taxonKey 2007585)
✓ Chinese Mantis (Tenodera sinensis Saussure, 1871, taxonKey 5887934)
✓ European Stag Beetle (Lucanus cervus (Linnaeus, 1758), taxonKey 5743122)
— batch done (486/580)
✓ Striped Skunk (Mephitis mephitis (Schreber, 1776), taxonKey 5219380)
✓ Viceroy Butterfly (Limenitis archippus Cramer, 1775, taxonKey 5132398)
✓ Virginia Opossum (Didelphis virginiana Kerr, 1792, taxonKey 2439923)
✓ Raccoon (Procyon lotor (Linnaeus, 1758), taxonKey 5218786)
✓ Mourning Cloak (Nymphalis antiopa (Linnaeus, 1758), taxonKey 5130682)
✓ Red Admiral (Vanessa atalanta (Linnaeus, 1758), taxonKey 1898286)
— batch done (492/580)
✓ Black-tailed Prairie Dog (Cynomys ludovicianus (Ord, 1815), taxonKey 2437232)
✓ Nine-banded Armadillo (Dasypus novemcinctus Linnaeus, 1758, taxonKey 2440779)
✓ North American Porcupine (Erethizon dorsatus (Linnaeus, 1758), taxonKey 6066824)
✓ Groundhog (Marmota monax (Linnaeus, 1758), taxonKey 2437368)
✓ American Red Squirrel (Tamiasciurus hudsonicus (Erxleben, 1777), taxonKey 2437282)
✓ Eastern Gray Squirrel (Sciurus carolinensis Gmelin, 1788, taxonKey 5219681)
— batch done (498/580)
✓ Kinkajou (Potos flavus (Schreber, 1774), taxonKey 2433573)
✓ Northern Flying Squirrel (Glaucomys sabrinus (Shaw, 1801), taxonKey 2437331)
✓ Ringtail (Bassariscus astutus (Lichtenstein, 1830), taxonKey 2433557)
✓ Muskrat (Ondatra zibethicus (Linnaeus, 1766), taxonKey 5219858)
✓ Ermine (Mustela erminea Linnaeus, 1758, taxonKey 5219019)
✓ Least Weasel (Mustela nivalis Linnaeus, 1766, taxonKey 5218987)
— batch done (504/580)
✓ Philippine Tarsier (Carlito syrichta (Linnaeus, 1758), taxonKey 8008808)
✓ Sunda Slow Loris (Nycticebus coucang (Boddaert, 1785), taxonKey 2436629)
✓ Mantled Howler Monkey (Alouatta palliata (Gray, 1849), taxonKey 2436649)
✓ Rhesus Macaque (Macaca mulatta (Zimmermann, 1780), taxonKey 2436604)
✓ Panamanian White-faced Capuchin (Cebus imitator Thomas, 1903, taxonKey 8028197)
✓ White-nosed Coati (Nasua narica (Linnaeus, 1766), taxonKey 2433531)
— batch done (510/580)
✓ Large Flying Fox (Pteropus vampyrus (Linnaeus, 1758), taxonKey 5218644)
✓ Common Vampire Bat (Desmodus rotundus (E.Geoffroy, 1810), taxonKey 2433298)
✓ Hamadryas Baboon (Papio hamadryas (Linnaeus, 1758), taxonKey 5219586)
✓ Little Brown Bat (Myotis lucifugus (Le Conte, 1831), taxonKey 2432406)
✓ Spinner Dolphin (Stenella longirostris (Gray, 1828), taxonKey 5220060)
✓ Common Bottlenose Dolphin (Tursiops truncatus (Montagu, 1821), taxonKey 2440447)
— batch done (516/580)
✓ Pacific White-sided Dolphin (Lagenorhynchus obliquidens Gill, 1865, taxonKey 5220069)
✓ Dall's Porpoise (Phocoenoides dalli (True, 1885), taxonKey 2440684)
✓ Risso's Dolphin (Grampus griseus (G.Cuvier, 1812), taxonKey 5220027)
✓ Long-finned Pilot Whale (Globicephala melas (Traill, 1809), taxonKey 2440596)
✓ Harbor Porpoise (Phocoena phocoena (Linnaeus, 1758), taxonKey 2440669)
✓ Common Dolphin (Delphinus delphis Linnaeus, 1758, taxonKey 8324617)
— batch done (522/580)
✓ False Killer Whale (Pseudorca crassidens (Owen, 1846), taxonKey 2440440)
✓ Sei Whale (Balaenoptera borealis Lesson, 1828, taxonKey 2440709)
✓ Harbor Seal (Phoca vitulina Linnaeus, 1758, taxonKey 2434793)
✓ Northern Elephant Seal (Mirounga angustirostris (Gill, 1866), taxonKey 2434813)
✓ Minke Whale (Balaenoptera acutorostrata Lacépède, 1804, taxonKey 2440728)
✓ Gray Seal (Halichoerus grypus (Fabricius, 1791), taxonKey 2434806)
— batch done (528/580)
✓ Galapagos Fur Seal (Arctocephalus galapagoensis Heller, 1904, taxonKey 2433473)
✓ Steller Sea Lion (Eumetopias jubatus (Schreber, 1776), taxonKey 2433462)
✓ Ribbon Seal (Histriophoca fasciata (Zimmermann, 1783), taxonKey 2434810)
✓ Hawaiian Monk Seal (Neomonachus schauinslandi (Matschie, 1905), taxonKey 8646426)
✓ California Sea Lion (Zalophus californianus (Lesson, 1828), taxonKey 2433458)
✓ Southern Elephant Seal (Mirounga leonina (Linnaeus, 1758), taxonKey 2434814)
— batch done (534/580)
✓ Nilgai (Boselaphus tragocamelus (Pallas, 1766), taxonKey 2441133)
✓ Blackbuck (Antilope cervicapra (Linnaeus, 1758), taxonKey 2441065)
✓ Chital (Axis axis (Erxleben, 1777), taxonKey 2440934)
✓ Sambar (Rusa unicolor (Kerr, 1792), taxonKey 7261386)
✓ Dugong (Dugong dugon (Müller, 1776), taxonKey 9729967)
✓ West Indian Manatee (Trichechus manatus Linnaeus, 1758, taxonKey 2435296)
— batch done (540/580)
✓ Himalayan Musk Deer (Moschus chrysogaster (Hodgson, 1839), taxonKey 2440989)
✓ Onager (Equus hemionus Pallas, 1775, taxonKey 2440893)
✓ Malayan Tapir (Tapirus indicus Desmarest, 1819, taxonKey 2440896)
✓ Kiang (Equus kiang Moorcroft, 1841, taxonKey 2440887)
✓ Sika Deer (Cervus nippon Temminck, 1838, taxonKey 2440954)
✓ Takin (Budorcas taxicolor Hodgson, 1850, taxonKey 2441046)
— batch done (546/580)
✓ Addax (Addax nasomaculatus (Blainville, 1816), taxonKey 2441101)
✓ Gerenuk (Litocranius walleri (Brooke, 1879), taxonKey 2441093)
✓ Barbary Sheep (Ammotragus lervia (Pallas, 1777), taxonKey 2441005)
✓ Lechwe (Kobus leche Gray, 1850, taxonKey 5220162)
✓ Scimitar-horned Oryx (Oryx dammah (Cretzschmar, 1827), taxonKey 5220165)
✓ Waterbuck (Kobus ellipsiprymnus (Ogilby, 1833), taxonKey 5220160)
— batch done (552/580)
✓ Pygmy Hippopotamus (Choeropsis liberiensis (Morton, 1849), taxonKey 5787064)
✓ Bongo (Tragelaphus eurycerus (Ogilby, 1837), taxonKey 5220180)
✓ Giant Forest Hog (Hylochoerus meinertzhageni Thomas, 1904, taxonKey 2441228)
✓ Bushbuck (Tragelaphus scriptus (Pallas, 1766), taxonKey 5220182)
✓ Alpine Marmot (Marmota marmota (Linnaeus, 1758), taxonKey 2437377)
✓ Iberian Ibex (Capra pyrenaica Schinz, 1838, taxonKey 2441054)
— batch done (558/580)
✓ Southern Pudu (Pudu puda (Molina, 1782), taxonKey 2440911)
✓ Collared Peccary (Dicotyles tajacu (Linnaeus, 1758), taxonKey 9249448)
— batch done (564/580)
— batch done (570/580)
✓ Snow cover (NEO MOD10C1_M_SNOW, 2026-07)
✓ Active fires (NEO MOD14A1_M_FIRE, 2026-07)
✓ Vegetation (NDVI) (NEO MOD_NDVI_M, 2026-06)
✓ Land surface temp (NEO MOD_LSTD_M, 2026-07)
✓ Leaf area index (NEO MOD15A2_M_LAI, 2026-06)
✗ no NEO data found for MOD17A2_M_PSN
— batch done (576/580)
✓ Rainfall (NEO GPM_3IMERGM, 2026-07)
✓ Sea surface temp (NEO MYD28M, 2026-05)
✓ Cloud fraction (NEO MODAL2_M_CLD_FR, 2026-07)
✓ Ocean chlorophyll (NEO MY1DMM_CHLORA, 2026-05)
— batch done (580/580)
layers.json: 579 layers registered · 553 with modern (2000+) variants
